Archive member included to satisfy reference by file (symbol)

/opt/st/stm32cubeide_1.16.1/plugins/com.st.stm32cube.ide.mcu.externaltools.gnu-tools-for-stm32.12.3.rel1.linux64_1.0.200.202406132123/tools/bin/../lib/gcc/arm-none-eabi/12.3.1/../../../../arm-none-eabi/lib/thumb/v7e-m+fp/hard/libc_nano.a(libc_a-exit.o)
                              /opt/st/stm32cubeide_1.16.1/plugins/com.st.stm32cube.ide.mcu.externaltools.gnu-tools-for-stm32.12.3.rel1.linux64_1.0.200.202406132123/tools/bin/../lib/gcc/arm-none-eabi/12.3.1/../../../../arm-none-eabi/lib/thumb/v7e-m+fp/hard/crt0.o (exit)
/opt/st/stm32cubeide_1.16.1/plugins/com.st.stm32cube.ide.mcu.externaltools.gnu-tools-for-stm32.12.3.rel1.linux64_1.0.200.202406132123/tools/bin/../lib/gcc/arm-none-eabi/12.3.1/../../../../arm-none-eabi/lib/thumb/v7e-m+fp/hard/libc_nano.a(libc_a-findfp.o)
                              /opt/st/stm32cubeide_1.16.1/plugins/com.st.stm32cube.ide.mcu.externaltools.gnu-tools-for-stm32.12.3.rel1.linux64_1.0.200.202406132123/tools/bin/../lib/gcc/arm-none-eabi/12.3.1/../../../../arm-none-eabi/lib/thumb/v7e-m+fp/hard/libc_nano.a(libc_a-exit.o) (__stdio_exit_handler)
/opt/st/stm32cubeide_1.16.1/plugins/com.st.stm32cube.ide.mcu.externaltools.gnu-tools-for-stm32.12.3.rel1.linux64_1.0.200.202406132123/tools/bin/../lib/gcc/arm-none-eabi/12.3.1/../../../../arm-none-eabi/lib/thumb/v7e-m+fp/hard/libc_nano.a(libc_a-fwalk.o)
                              /opt/st/stm32cubeide_1.16.1/plugins/com.st.stm32cube.ide.mcu.externaltools.gnu-tools-for-stm32.12.3.rel1.linux64_1.0.200.202406132123/tools/bin/../lib/gcc/arm-none-eabi/12.3.1/../../../../arm-none-eabi/lib/thumb/v7e-m+fp/hard/libc_nano.a(libc_a-findfp.o) (_fwalk_sglue)
/opt/st/stm32cubeide_1.16.1/plugins/com.st.stm32cube.ide.mcu.externaltools.gnu-tools-for-stm32.12.3.rel1.linux64_1.0.200.202406132123/tools/bin/../lib/gcc/arm-none-eabi/12.3.1/../../../../arm-none-eabi/lib/thumb/v7e-m+fp/hard/libc_nano.a(libc_a-stdio.o)
                              /opt/st/stm32cubeide_1.16.1/plugins/com.st.stm32cube.ide.mcu.externaltools.gnu-tools-for-stm32.12.3.rel1.linux64_1.0.200.202406132123/tools/bin/../lib/gcc/arm-none-eabi/12.3.1/../../../../arm-none-eabi/lib/thumb/v7e-m+fp/hard/libc_nano.a(libc_a-findfp.o) (__sread)
/opt/st/stm32cubeide_1.16.1/plugins/com.st.stm32cube.ide.mcu.externaltools.gnu-tools-for-stm32.12.3.rel1.linux64_1.0.200.202406132123/tools/bin/../lib/gcc/arm-none-eabi/12.3.1/../../../../arm-none-eabi/lib/thumb/v7e-m+fp/hard/libc_nano.a(libc_a-memset.o)
                              /opt/st/stm32cubeide_1.16.1/plugins/com.st.stm32cube.ide.mcu.externaltools.gnu-tools-for-stm32.12.3.rel1.linux64_1.0.200.202406132123/tools/bin/../lib/gcc/arm-none-eabi/12.3.1/../../../../arm-none-eabi/lib/thumb/v7e-m+fp/hard/crt0.o (memset)
/opt/st/stm32cubeide_1.16.1/plugins/com.st.stm32cube.ide.mcu.externaltools.gnu-tools-for-stm32.12.3.rel1.linux64_1.0.200.202406132123/tools/bin/../lib/gcc/arm-none-eabi/12.3.1/../../../../arm-none-eabi/lib/thumb/v7e-m+fp/hard/libc_nano.a(libc_a-closer.o)
                              /opt/st/stm32cubeide_1.16.1/plugins/com.st.stm32cube.ide.mcu.externaltools.gnu-tools-for-stm32.12.3.rel1.linux64_1.0.200.202406132123/tools/bin/../lib/gcc/arm-none-eabi/12.3.1/../../../../arm-none-eabi/lib/thumb/v7e-m+fp/hard/libc_nano.a(libc_a-stdio.o) (_close_r)
/opt/st/stm32cubeide_1.16.1/plugins/com.st.stm32cube.ide.mcu.externaltools.gnu-tools-for-stm32.12.3.rel1.linux64_1.0.200.202406132123/tools/bin/../lib/gcc/arm-none-eabi/12.3.1/../../../../arm-none-eabi/lib/thumb/v7e-m+fp/hard/libc_nano.a(libc_a-reent.o)
                              /opt/st/stm32cubeide_1.16.1/plugins/com.st.stm32cube.ide.mcu.externaltools.gnu-tools-for-stm32.12.3.rel1.linux64_1.0.200.202406132123/tools/bin/../lib/gcc/arm-none-eabi/12.3.1/../../../../arm-none-eabi/lib/thumb/v7e-m+fp/hard/libc_nano.a(libc_a-closer.o) (errno)
/opt/st/stm32cubeide_1.16.1/plugins/com.st.stm32cube.ide.mcu.externaltools.gnu-tools-for-stm32.12.3.rel1.linux64_1.0.200.202406132123/tools/bin/../lib/gcc/arm-none-eabi/12.3.1/../../../../arm-none-eabi/lib/thumb/v7e-m+fp/hard/libc_nano.a(libc_a-impure.o)
                              /opt/st/stm32cubeide_1.16.1/plugins/com.st.stm32cube.ide.mcu.externaltools.gnu-tools-for-stm32.12.3.rel1.linux64_1.0.200.202406132123/tools/bin/../lib/gcc/arm-none-eabi/12.3.1/../../../../arm-none-eabi/lib/thumb/v7e-m+fp/hard/libc_nano.a(libc_a-reent.o) (_impure_ptr)
/opt/st/stm32cubeide_1.16.1/plugins/com.st.stm32cube.ide.mcu.externaltools.gnu-tools-for-stm32.12.3.rel1.linux64_1.0.200.202406132123/tools/bin/../lib/gcc/arm-none-eabi/12.3.1/../../../../arm-none-eabi/lib/thumb/v7e-m+fp/hard/libc_nano.a(libc_a-lseekr.o)
                              /opt/st/stm32cubeide_1.16.1/plugins/com.st.stm32cube.ide.mcu.externaltools.gnu-tools-for-stm32.12.3.rel1.linux64_1.0.200.202406132123/tools/bin/../lib/gcc/arm-none-eabi/12.3.1/../../../../arm-none-eabi/lib/thumb/v7e-m+fp/hard/libc_nano.a(libc_a-stdio.o) (_lseek_r)
[...]
Memory Configuration

Name             Origin             Length             Attributes
RAM              0x20000000         0x00010000         xrw
FLASH            0x08000000         0x00020000         xr
*default*        0x00000000         0xffffffff

Linker script and memory map

LOAD /opt/st/stm32cubeide_1.16.1/plugins/com.st.stm32cube.ide.mcu.externaltools.gnu-tools-for-stm32.12.3.rel1.linux64_1.0.200.202406132123/tools/bin/../lib/gcc/arm-none-eabi/12.3.1/thumb/v7e-m+fp/hard/crti.o
LOAD /opt/st/stm32cubeide_1.16.1/plugins/com.st.stm32cube.ide.mcu.externaltools.gnu-tools-for-stm32.12.3.rel1.linux64_1.0.200.202406132123/tools/bin/../lib/gcc/arm-none-eabi/12.3.1/thumb/v7e-m+fp/hard/crtbegin.o
LOAD /opt/st/stm32cubeide_1.16.1/plugins/com.st.stm32cube.ide.mcu.externaltools.gnu-tools-for-stm32.12.3.rel1.linux64_1.0.200.202406132123/tools/bin/../lib/gcc/arm-none-eabi/12.3.1/../../../../arm-none-eabi/lib/thumb/v7e-m+fp/hard/crt0.o
LOAD ./Core/Src/main.o
LOAD ./Core/Src/stm32f4xx_it.o
LOAD ./Core/Src/syscalls.o
LOAD ./Core/Src/sysmem.o
LOAD ./Core/Src/system_stm32f4xx.o
LOAD ./Core/Startup/startup_stm32f401cbux.o
START GROUP
LOAD /opt/st/stm32cubeide_1.16.1/plugins/com.st.stm32cube.ide.mcu.externaltools.gnu-tools-for-stm32.12.3.rel1.linux64_1.0.200.202406132123/tools/bin/../lib/gcc/arm-none-eabi/12.3.1/../../../../arm-none-eabi/lib/thumb/v7e-m+fp/hard/libc_nano.a
LOAD /opt/st/stm32cubeide_1.16.1/plugins/com.st.stm32cube.ide.mcu.externaltools.gnu-tools-for-stm32.12.3.rel1.linux64_1.0.200.202406132123/tools/bin/../lib/gcc/arm-none-eabi/12.3.1/../../../../arm-none-eabi/lib/thumb/v7e-m+fp/hard/libm.a
END GROUP
START GROUP
LOAD /opt/st/stm32cubeide_1.16.1/plugins/com.st.stm32cube.ide.mcu.externaltools.gnu-tools-for-stm32.12.3.rel1.linux64_1.0.200.202406132123/tools/bin/../lib/gcc/arm-none-eabi/12.3.1/thumb/v7e-m+fp/hard/libgcc.a
LOAD /opt/st/stm32cubeide_1.16.1/plugins/com.st.stm32cube.ide.mcu.externaltools.gnu-tools-for-stm32.12.3.rel1.linux64_1.0.200.202406132123/tools/bin/../lib/gcc/arm-none-eabi/12.3.1/../../../../arm-none-eabi/lib/thumb/v7e-m+fp/hard/libc_nano.a
END GROUP
START GROUP
LOAD /opt/st/stm32cubeide_1.16.1/plugins/com.st.stm32cube.ide.mcu.externaltools.gnu-tools-for-stm32.12.3.rel1.linux64_1.0.200.202406132123/tools/bin/../lib/gcc/arm-none-eabi/12.3.1/thumb/v7e-m+fp/hard/libgcc.a
LOAD /opt/st/stm32cubeide_1.16.1/plugins/com.st.stm32cube.ide.mcu.externaltools.gnu-tools-for-stm32.12.3.rel1.linux64_1.0.200.202406132123/tools/bin/../lib/gcc/arm-none-eabi/12.3.1/../../../../arm-none-eabi/lib/thumb/v7e-m+fp/hard/libc_nano.a
LOAD /opt/st/stm32cubeide_1.16.1/plugins/com.st.stm32cube.ide.mcu.externaltools.gnu-tools-for-stm32.12.3.rel1.linux64_1.0.200.202406132123/tools/bin/../lib/gcc/arm-none-eabi/12.3.1/../../../../arm-none-eabi/lib/thumb/v7e-m+fp/hard/libnosys.a
END GROUP
START GROUP
LOAD /opt/st/stm32cubeide_1.16.1/plugins/com.st.stm32cube.ide.mcu.externaltools.gnu-tools-for-stm32.12.3.rel1.linux64_1.0.200.202406132123/tools/bin/../lib/gcc/arm-none-eabi/12.3.1/thumb/v7e-m+fp/hard/libgcc.a
LOAD /opt/st/stm32cubeide_1.16.1/plugins/com.st.stm32cube.ide.mcu.externaltools.gnu-tools-for-stm32.12.3.rel1.linux64_1.0.200.202406132123/tools/bin/../lib/gcc/arm-none-eabi/12.3.1/../../../../arm-none-eabi/lib/thumb/v7e-m+fp/hard/libc_nano.a
LOAD /opt/st/stm32cubeide_1.16.1/plugins/com.st.stm32cube.ide.mcu.externaltools.gnu-tools-for-stm32.12.3.rel1.linux64_1.0.200.202406132123/tools/bin/../lib/gcc/arm-none-eabi/12.3.1/../../../../arm-none-eabi/lib/thumb/v7e-m+fp/hard/libnosys.a
END GROUP
LOAD /opt/st/stm32cubeide_1.16.1/plugins/com.st.stm32cube.ide.mcu.externaltools.gnu-tools-for-stm32.12.3.rel1.linux64_1.0.200.202406132123/tools/bin/../lib/gcc/arm-none-eabi/12.3.1/thumb/v7e-m+fp/hard/crtend.o
LOAD /opt/st/stm32cubeide_1.16.1/plugins/com.st.stm32cube.ide.mcu.externaltools.gnu-tools-for-stm32.12.3.rel1.linux64_1.0.200.202406132123/tools/bin/../lib/gcc/arm-none-eabi/12.3.1/thumb/v7e-m+fp/hard/crtn.o
                0x20010000                        _estack = (ORIGIN (RAM) + LENGTH (RAM))
                0x00000200                        _Min_Heap_Size = 0x200
                0x00000400                        _Min_Stack_Size = 0x400

.isr_vector     0x08000000      0x194
                0x08000000                        . = ALIGN (0x4)
 *(.isr_vector)
 .isr_vector    0x08000000      0x194 ./Core/Startup/startup_stm32f401cbux.o
                0x08000000                g_pfnVectors
                0x08000194                        . = ALIGN (0x4)

.text           0x08000198     0x25cc
                0x08000198                        . = ALIGN (0x4)
 *(.text)
 .text          0x08000198       0x40 /opt/st/stm32cubeide_1.16.1/plugins/com.st.stm32cube.ide.mcu.externaltools.gnu-tools-for-stm32.12.3.rel1.linux64_1.0.200.202406132123/tools/bin/../lib/gcc/arm-none-eabi/12.3.1/thumb/v7e-m+fp/hard/crtbegin.o
 .text          0x080001d8      0x378 /opt/st/stm32cubeide_1.16.1/plugins/com.st.stm32cube.ide.mcu.externaltools.gnu-tools-for-stm32.12.3.rel1.linux64_1.0.200.202406132123/tools/bin/../lib/gcc/arm-none-eabi/12.3.1/thumb/v7e-m+fp/hard/libgcc.a(_arm_addsubdf3.o)
                0x080001d8                __aeabi_drsub
                0x080001e0                __aeabi_dsub
                0x080001e0                __subdf3
                0x080001e4                __adddf3
                0x080001e4                __aeabi_dadd
                0x0800045c                __aeabi_ui2d
                0x0800045c                __floatunsidf
                0x0800047c                __floatsidf
                0x0800047c                __aeabi_i2d
                0x080004a0                __extendsfdf2
                0x080004a0                __aeabi_f2d
                0x080004e4                __aeabi_ul2d
                0x080004e4                __floatundidf
                0x080004f4                __floatdidf
                0x080004f4                __aeabi_l2d
 .text          0x08000550      0x424 /opt/st/stm32cubeide_1.16.1/plugins/com.st.stm32cube.ide.mcu.externaltools.gnu-tools-for-stm32.12.3.rel1.linux64_1.0.200.202406132123/tools/bin/../lib/gcc/arm-none-eabi/12.3.1/thumb/v7e-m+fp/hard/libgcc.a(_arm_muldivdf3.o)
                0x08000550                __aeabi_dmul
                0x08000550                __muldf3
                0x080007a4                __aeabi_ddiv
                0x080007a4                __divdf3
 .text          0x08000974      0x110 /opt/st/stm32cubeide_1.16.1/plugins/com.st.stm32cube.ide.mcu.externaltools.gnu-tools-for-stm32.12.3.rel1.linux64_1.0.200.202406132123/tools/bin/../lib/gcc/arm-none-eabi/12.3.1/thumb/v7e-m+fp/hard/libgcc.a(_arm_cmpdf2.o)
                0x08000974                __gtdf2
                0x08000974                __gedf2
                0x0800097c                __ltdf2
                0x0800097c                __ledf2
                0x08000984                __cmpdf2
                0x08000984                __eqdf2
                0x08000984                __nedf2
                0x08000a00                __aeabi_cdrcmple
                0x08000a10                __aeabi_cdcmple
                0x08000a10                __aeabi_cdcmpeq
                0x08000a20                __aeabi_dcmpeq
                0x08000a34                __aeabi_dcmplt
                0x08000a48                __aeabi_dcmple
                0x08000a5c                __aeabi_dcmpge
                0x08000a70                __aeabi_dcmpgt
 .text          0x08000a84       0xa0 /opt/st/stm32cubeide_1.16.1/plugins/com.st.stm32cube.ide.mcu.externaltools.gnu-tools-for-stm32.12.3.rel1.linux64_1.0.200.202406132123/tools/bin/../lib/gcc/arm-none-eabi/12.3.1/thumb/v7e-m+fp/hard/libgcc.a(_arm_truncdfsf2.o)
                0x08000a84                __aeabi_d2f
                0x08000a84                __truncdfsf2
 *(.text*)
 .text.__NVIC_EnableIRQ
                0x08000b24       0x3c ./Core/Src/main.o
 .text.__NVIC_SetPriority
                0x08000b60       0x54 ./Core/Src/main.o
 .text.SegUpdate
                0x08000bb4      0x1ac ./Core/Src/main.o
                0x08000bb4                SegUpdate
 .text.Motor    0x08000d60       0xb0 ./Core/Src/main.o
                0x08000d60                Motor
 .text.SysClockConfig
                0x08000e10       0xb8 ./Core/Src/main.o
                0x08000e10                SysClockConfig
 .text.I2C1_Config
                0x08000ec8       0xac ./Core/Src/main.o
                0x08000ec8                I2C1_Config
 .text.I2C1_Start
                0x08000f74       0x3c ./Core/Src/main.o
                0x08000f74                I2C1_Start
 .text.I2C1_Write
                0x08000fb0       0x40 ./Core/Src/main.o
                0x08000fb0                I2C1_Write
 .text.I2C1_Address
                0x08000ff0       0x40 ./Core/Src/main.o
                0x08000ff0                I2C1_Address
 .text.I2C1_Stop
                0x08001030       0x20 ./Core/Src/main.o
                0x08001030                I2C1_Stop
 .text.I2C1_Read
                0x08001050      0x14c ./Core/Src/main.o
                0x08001050                I2C1_Read
 .text.TIM9Config
                0x0800119c       0x4c ./Core/Src/main.o
                0x0800119c                TIM9Config
 .text.Delay_us
                0x080011e8       0x30 ./Core/Src/main.o
                0x080011e8                Delay_us
 .text.Delay_ms
                0x08001218       0x30 ./Core/Src/main.o
                0x08001218                Delay_ms
 .text.write8   0x08001248       0x42 ./Core/Src/main.o
                0x08001248                write8
 .text.read8    0x0800128a       0x44 ./Core/Src/main.o
                0x0800128a                read8
 .text.read16   0x080012ce       0x54 ./Core/Src/main.o
                0x080012ce                read16
 .text.enable   0x08001322       0x24 ./Core/Src/main.o
                0x08001322                enable
 *fill*         0x08001346        0x2 
 .text.setIntegrationTime
                0x08001348       0x2c ./Core/Src/main.o
                0x08001348                setIntegrationTime
 .text.setGain  0x08001374       0x2c ./Core/Src/main.o
                0x08001374                setGain
 .text.tcs3272_init
                0x080013a0       0x48 ./Core/Src/main.o
                0x080013a0                tcs3272_init
 .text.getRawData
                0x080013e8       0x60 ./Core/Src/main.o
                0x080013e8                getRawData
 .text.getRGB   0x08001448       0x7e ./Core/Src/main.o
                0x08001448                getRGB
 *fill*         0x080014c6        0x2 
 .text.Pin_config
                0x080014c8      0x1ac ./Core/Src/main.o
                0x080014c8                Pin_config
 .text.Configure_TIM1_PWM
                0x08001674       0x98 ./Core/Src/main.o
                0x08001674                Configure_TIM1_PWM
 .text.Configure_TIM2
                0x0800170c       0x58 ./Core/Src/main.o
                0x0800170c                Configure_TIM2
 .text.Configure_TIM3
                0x08001764       0x50 ./Core/Src/main.o
                0x08001764                Configure_TIM3
 .text.Configure_USART2
                0x080017b4       0xf0 ./Core/Src/main.o
                0x080017b4                Configure_USART2
 .text.UART_Receive_IT
                0x080018a4       0x38 ./Core/Src/main.o
                0x080018a4                UART_Receive_IT
 *fill*         0x080018dc        0x4 
 .text.IMU_Handler
                0x080018e0      0x250 ./Core/Src/main.o
                0x080018e0                IMU_Handler
 .text.PID_Init
                0x08001b30       0x42 ./Core/Src/main.o
                0x08001b30                PID_Init
 .text.PID_Compute
                0x08001b72       0x98 ./Core/Src/main.o
                0x08001b72                PID_Compute
 *fill*         0x08001c0a        0x2 
 .text.main     0x08001c0c      0x6f0 ./Core/Src/main.o
                0x08001c0c                main
 *fill*         0x080022fc        0x4 
 .text.TIM2_IRQHandler
                0x08002300      0x198 ./Core/Src/main.o
                0x08002300                TIM2_IRQHandler
 .text.USART2_IRQHandler
                0x08002498       0xb0 ./Core/Src/main.o
                0x08002498                USART2_IRQHandler
 .text.TIM3_IRQHandler
                0x08002548       0xd4 ./Core/Src/main.o
                0x08002548                TIM3_IRQHandler
 .text.NMI_Handler
                0x0800261c        0x8 ./Core/Src/stm32f4xx_it.o
                0x0800261c                NMI_Handler
 .text.HardFault_Handler
                0x08002624        0x8 ./Core/Src/stm32f4xx_it.o
                0x08002624                HardFault_Handler
 .text.MemManage_Handler
                0x0800262c        0x8 ./Core/Src/stm32f4xx_it.o
                0x0800262c                MemManage_Handler
 .text.BusFault_Handler
                0x08002634        0x8 ./Core/Src/stm32f4xx_it.o
                0x08002634                BusFault_Handler
 .text.UsageFault_Handler
                0x0800263c        0x8 ./Core/Src/stm32f4xx_it.o
                0x0800263c                UsageFault_Handler
 .text.SVC_Handler
                0x08002644        0xe ./Core/Src/stm32f4xx_it.o
                0x08002644                SVC_Handler
 .text.DebugMon_Handler
                0x08002652        0xe ./Core/Src/stm32f4xx_it.o
                0x08002652                DebugMon_Handler
 .text.PendSV_Handler
                0x08002660        0xe ./Core/Src/stm32f4xx_it.o
                0x08002660                PendSV_Handler
 *fill*         0x0800266e        0x2 
 .text.SysTick_Handler
                0x08002670       0x1c ./Core/Src/stm32f4xx_it.o
                0x08002670                SysTick_Handler
 .text.SystemInit
                0x0800268c       0x24 ./Core/Src/system_stm32f4xx.o
                0x0800268c                SystemInit
 .text.Reset_Handler
                0x080026b0       0x50 ./Core/Startup/startup_stm32f401cbux.o
                0x080026b0                Reset_Handler
 .text.Default_Handler
                0x08002700        0x2 ./Core/Startup/startup_stm32f401cbux.o
                0x08002700                RTC_Alarm_IRQHandler
                0x08002700                EXTI2_IRQHandler
                0x08002700                SPI4_IRQHandler
                0x08002700                TIM1_CC_IRQHandler
                0x08002700                DMA2_Stream5_IRQHandler
                0x08002700                DMA1_Stream5_IRQHandler
                0x08002700                PVD_IRQHandler
                0x08002700                SDIO_IRQHandler
                0x08002700                TAMP_STAMP_IRQHandler
                0x08002700                EXTI3_IRQHandler
                0x08002700                TIM1_UP_TIM10_IRQHandler
                0x08002700                I2C3_ER_IRQHandler
                0x08002700                EXTI0_IRQHandler
                0x08002700                I2C2_EV_IRQHandler
                0x08002700                DMA1_Stream2_IRQHandler
                0x08002700                FPU_IRQHandler
                0x08002700                DMA2_Stream2_IRQHandler
                0x08002700                SPI1_IRQHandler
                0x08002700                TIM1_BRK_TIM9_IRQHandler
                0x08002700                DMA2_Stream3_IRQHandler
                0x08002700                USART6_IRQHandler
                0x08002700                DMA2_Stream0_IRQHandler
                0x08002700                TIM4_IRQHandler
                0x08002700                I2C1_EV_IRQHandler
                0x08002700                DMA1_Stream6_IRQHandler
                0x08002700                DMA1_Stream1_IRQHandler
                0x08002700                RCC_IRQHandler
                0x08002700                Default_Handler
                0x08002700                EXTI15_10_IRQHandler
                0x08002700                ADC_IRQHandler
                0x08002700                DMA1_Stream7_IRQHandler
                0x08002700                TIM5_IRQHandler
                0x08002700                DMA2_Stream7_IRQHandler
                0x08002700                I2C3_EV_IRQHandler
                0x08002700                EXTI9_5_IRQHandler
                0x08002700                RTC_WKUP_IRQHandler
                0x08002700                SPI2_IRQHandler
                0x08002700                DMA1_Stream0_IRQHandler
                0x08002700                EXTI4_IRQHandler
                0x08002700                WWDG_IRQHandler
                0x08002700                OTG_FS_WKUP_IRQHandler
                0x08002700                TIM1_TRG_COM_TIM11_IRQHandler
                0x08002700                EXTI1_IRQHandler
                0x08002700                I2C2_ER_IRQHandler
                0x08002700                DMA2_Stream1_IRQHandler
                0x08002700                FLASH_IRQHandler
                0x08002700                DMA2_Stream4_IRQHandler
                0x08002700                USART1_IRQHandler
                0x08002700                OTG_FS_IRQHandler
                0x08002700                SPI3_IRQHandler
                0x08002700                DMA1_Stream4_IRQHandler
                0x08002700                I2C1_ER_IRQHandler
                0x08002700                DMA2_Stream6_IRQHandler
                0x08002700                DMA1_Stream3_IRQHandler
 *fill*         0x08002702        0x2 
 .text.__libc_init_array
                0x08002704       0x48 /opt/st/stm32cubeide_1.16.1/plugins/com.st.stm32cube.ide.mcu.externaltools.gnu-tools-for-stm32.12.3.rel1.linux64_1.0.200.202406132123/tools/bin/../lib/gcc/arm-none-eabi/12.3.1/../../../../arm-none-eabi/lib/thumb/v7e-m+fp/hard/libc_nano.a(libc_a-init.o)
                0x08002704                __libc_init_array
 *(.glue_7)
 .glue_7        0x0800274c        0x0 linker stubs
 *(.glue_7t)
 .glue_7t       0x0800274c        0x0 linker stubs
 *(.eh_frame)
 .eh_frame      0x0800274c        0x0 /opt/st/stm32cubeide_1.16.1/plugins/com.st.stm32cube.ide.mcu.externaltools.gnu-tools-for-stm32.12.3.rel1.linux64_1.0.200.202406132123/tools/bin/../lib/gcc/arm-none-eabi/12.3.1/thumb/v7e-m+fp/hard/crtbegin.o
 *(.init)
 .init          0x0800274c        0x4 /opt/st/stm32cubeide_1.16.1/plugins/com.st.stm32cube.ide.mcu.externaltools.gnu-tools-for-stm32.12.3.rel1.linux64_1.0.200.202406132123/tools/bin/../lib/gcc/arm-none-eabi/12.3.1/thumb/v7e-m+fp/hard/crti.o
                0x0800274c                _init
 .init          0x08002750        0x8 /opt/st/stm32cubeide_1.16.1/plugins/com.st.stm32cube.ide.mcu.externaltools.gnu-tools-for-stm32.12.3.rel1.linux64_1.0.200.202406132123/tools/bin/../lib/gcc/arm-none-eabi/12.3.1/thumb/v7e-m+fp/hard/crtn.o
 *(.fini)
 .fini          0x08002758        0x4 /opt/st/stm32cubeide_1.16.1/plugins/com.st.stm32cube.ide.mcu.externaltools.gnu-tools-for-stm32.12.3.rel1.linux64_1.0.200.202406132123/tools/bin/../lib/gcc/arm-none-eabi/12.3.1/thumb/v7e-m+fp/hard/crti.o
                0x08002758                _fini
 .fini          0x0800275c        0x8 /opt/st/stm32cubeide_1.16.1/plugins/com.st.stm32cube.ide.mcu.externaltools.gnu-tools-for-stm32.12.3.rel1.linux64_1.0.200.202406132123/tools/bin/../lib/gcc/arm-none-eabi/12.3.1/thumb/v7e-m+fp/hard/crtn.o
                0x08002764                        . = ALIGN (0x4)
                0x08002764                        _etext = .

.vfp11_veneer   0x08002764        0x0
 .vfp11_veneer  0x08002764        0x0 linker stubs

.v4_bx          0x08002764        0x0
 .v4_bx         0x08002764        0x0 linker stubs

.iplt           0x08002764        0x0
 .iplt          0x08002764        0x0 /opt/st/stm32cubeide_1.16.1/plugins/com.st.stm32cube.ide.mcu.externaltools.gnu-tools-for-stm32.12.3.rel1.linux64_1.0.200.202406132123/tools/bin/../lib/gcc/arm-none-eabi/12.3.1/thumb/v7e-m+fp/hard/crtbegin.o

.rodata         0x08002764        0x0
                0x08002764                        . = ALIGN (0x4)
 *(.rodata)
 *(.rodata*)
                0x08002764                        . = ALIGN (0x4)

.ARM.extab      0x08002764        0x0
                0x08002764                        . = ALIGN (0x4)
 *(.ARM.extab* .gnu.linkonce.armextab.*)
                0x08002764                        . = ALIGN (0x4)

.ARM            0x08002764        0x0
                0x08002764                        . = ALIGN (0x4)
                0x08002764                        __exidx_start = .
 *(.ARM.exidx*)
                0x08002764                        __exidx_end = .
                0x08002764                        . = ALIGN (0x4)

.preinit_array  0x08002764        0x0
                0x08002764                        . = ALIGN (0x4)
                0x08002764                        PROVIDE (__preinit_array_start = .)
 *(.preinit_array*)
                0x08002764                        PROVIDE (__preinit_array_end = .)
                0x08002764                        . = ALIGN (0x4)

.init_array     0x08002764        0x4
                0x08002764                        . = ALIGN (0x4)
                0x08002764                        PROVIDE (__init_array_start = .)
 *(SORT_BY_NAME(.init_array.*))
 *(.init_array*)
 .init_array    0x08002764        0x4 /opt/st/stm32cubeide_1.16.1/plugins/com.st.stm32cube.ide.mcu.externaltools.gnu-tools-for-stm32.12.3.rel1.linux64_1.0.200.202406132123/tools/bin/../lib/gcc/arm-none-eabi/12.3.1/thumb/v7e-m+fp/hard/crtbegin.o
                0x08002768                        PROVIDE (__init_array_end = .)
                0x08002768                        . = ALIGN (0x4)

.fini_array     0x08002768        0x4
                0x08002768                        . = ALIGN (0x4)
                [!provide]                        PROVIDE (__fini_array_start = .)
 *(SORT_BY_NAME(.fini_array.*))
 *(.fini_array*)
 .fini_array    0x08002768        0x4 /opt/st/stm32cubeide_1.16.1/plugins/com.st.stm32cube.ide.mcu.externaltools.gnu-tools-for-stm32.12.3.rel1.linux64_1.0.200.202406132123/tools/bin/../lib/gcc/arm-none-eabi/12.3.1/thumb/v7e-m+fp/hard/crtbegin.o
                [!provide]                        PROVIDE (__fini_array_end = .)
                0x0800276c                        . = ALIGN (0x4)
                0x0800276c                        _sidata = LOADADDR (.data)

.rel.dyn        0x0800276c        0x0
 .rel.iplt      0x0800276c        0x0 /opt/st/stm32cubeide_1.16.1/plugins/com.st.stm32cube.ide.mcu.externaltools.gnu-tools-for-stm32.12.3.rel1.linux64_1.0.200.202406132123/tools/bin/../lib/gcc/arm-none-eabi/12.3.1/thumb/v7e-m+fp/hard/crtbegin.o

.data           0x20000000        0x0 load address 0x0800276c
                0x20000000                        . = ALIGN (0x4)
                0x20000000                        _sdata = .
 *(.data)
 *(.data*)
 *(.RamFunc)
 *(.RamFunc*)
                0x20000000                        . = ALIGN (0x4)
                0x20000000                        _edata = .

.igot.plt       0x20000000        0x0 load address 0x0800276c
 .igot.plt      0x20000000        0x0 /opt/st/stm32cubeide_1.16.1/plugins/com.st.stm32cube.ide.mcu.externaltools.gnu-tools-for-stm32.12.3.rel1.linux64_1.0.200.202406132123/tools/bin/../lib/gcc/arm-none-eabi/12.3.1/thumb/v7e-m+fp/hard/crtbegin.o
                0x20000000                        . = ALIGN (0x4)

.bss            0x20000000      0x104 load address 0x0800276c
                0x20000000                        _sbss = .
                0x20000000                        __bss_start__ = _sbss
 *(.bss)
 .bss           0x20000000       0x1c /opt/st/stm32cubeide_1.16.1/plugins/com.st.stm32cube.ide.mcu.externaltools.gnu-tools-for-stm32.12.3.rel1.linux64_1.0.200.202406132123/tools/bin/../lib/gcc/arm-none-eabi/12.3.1/thumb/v7e-m+fp/hard/crtbegin.o
 *(.bss*)
 .bss.SegData   0x2000001c        0x2 ./Core/Src/main.o
                0x2000001c                SegData
 .bss.Seg1Value
                0x2000001e        0x1 ./Core/Src/main.o
                0x2000001e                Seg1Value
 .bss.Seg2Value
                0x2000001f        0x1 ./Core/Src/main.o
                0x2000001f                Seg2Value
 .bss._tcs34725Initialised
                0x20000020        0x1 ./Core/Src/main.o
                0x20000020                _tcs34725Initialised
 *fill*         0x20000021        0x3 
 .bss.red       0x20000024        0x4 ./Core/Src/main.o
                0x20000024                red
 .bss.green     0x20000028        0x4 ./Core/Src/main.o
                0x20000028                green
 .bss.blue      0x2000002c        0x4 ./Core/Src/main.o
                0x2000002c                blue
 .bss.readValue
                0x20000030        0x1 ./Core/Src/main.o
                0x20000030                readValue
 *fill*         0x20000031        0x3 
 .bss.txBuffer  0x20000034        0x4 ./Core/Src/main.o
                0x20000034                txBuffer
 .bss.txSize    0x20000038        0x2 ./Core/Src/main.o
                0x20000038                txSize
 .bss.txIndex   0x2000003a        0x2 ./Core/Src/main.o
                0x2000003a                txIndex
 .bss.rxSize    0x2000003c        0x2 ./Core/Src/main.o
                0x2000003c                rxSize
 .bss.rxIndex   0x2000003e        0x2 ./Core/Src/main.o
                0x2000003e                rxIndex
 .bss.firstread
                0x20000040        0x1 ./Core/Src/main.o
                0x20000040                firstread
 *fill*         0x20000041        0x3 
 .bss.imu       0x20000044       0x48 ./Core/Src/main.o
                0x20000044                imu
 .bss.tick      0x2000008c        0x4 ./Core/Src/main.o
                0x2000008c                tick
 .bss.delay     0x20000090        0x4 ./Core/Src/main.o
                0x20000090                delay
 .bss.linedetected_delay
                0x20000094        0x4 ./Core/Src/main.o
                0x20000094                linedetected_delay
 .bss.redcnt    0x20000098        0x1 ./Core/Src/main.o
                0x20000098                redcnt
 .bss.runflag   0x20000099        0x1 ./Core/Src/main.o
                0x20000099                runflag
 *fill*         0x2000009a        0x2 
 .bss.currentAngle
                0x2000009c        0x4 ./Core/Src/main.o
                0x2000009c                currentAngle
 .bss.previousAngle
                0x200000a0        0x4 ./Core/Src/main.o
                0x200000a0                previousAngle
 .bss.AngleNow  0x200000a4        0x4 ./Core/Src/main.o
                0x200000a4                AngleNow
 .bss.AngleTarget
                0x200000a8        0x4 ./Core/Src/main.o
                0x200000a8                AngleTarget
 .bss.turn      0x200000ac        0x4 ./Core/Src/main.o
                0x200000ac                turn
 .bss.imupid    0x200000b0       0x14 ./Core/Src/main.o
                0x200000b0                imupid
 .bss.imupidout
                0x200000c4        0x4 ./Core/Src/main.o
                0x200000c4                imupidout
 .bss.leftspeed
                0x200000c8        0x4 ./Core/Src/main.o
                0x200000c8                leftspeed
 .bss.rightspeed
                0x200000cc        0x4 ./Core/Src/main.o
                0x200000cc                rightspeed
 .bss.Lfinalspeed
                0x200000d0        0x4 ./Core/Src/main.o
                0x200000d0                Lfinalspeed
 .bss.Rfinalspeed
                0x200000d4        0x4 ./Core/Src/main.o
                0x200000d4                Rfinalspeed
 .bss.state     0x200000d8        0x1 ./Core/Src/main.o
                0x200000d8                state
 .bss.segenable
                0x200000d9        0x1 ./Core/Src/main.o
                0x200000d9                segenable
 .bss.reportflag
                0x200000da        0x1 ./Core/Src/main.o
                0x200000da                reportflag
 .bss.seg2buf   0x200000db        0x1 ./Core/Src/main.o
                0x200000db                seg2buf
 .bss.sensorLcnt
                0x200000dc        0x2 ./Core/Src/main.o
                0x200000dc                sensorLcnt
 .bss.sensorRcnt
                0x200000de        0x2 ./Core/Src/main.o
                0x200000de                sensorRcnt
 .bss.redratio  0x200000e0        0x4 ./Core/Src/main.o
                0x200000e0                redratio
 .bss.square    0x200000e4       0x18 ./Core/Src/main.o
                0x200000e4                square
 .bss.reportcnt
                0x200000fc        0x1 ./Core/Src/main.o
                0x200000fc                reportcnt
 *fill*         0x200000fd        0x1 
 .bss.cnt.0     0x200000fe        0x2 ./Core/Src/main.o
 .bss.tick.0    0x20000100        0x4 ./Core/Src/stm32f4xx_it.o
 *(COMMON)
                0x20000104                        . = ALIGN (0x4)
                0x20000104                        _ebss = .
                0x20000104                        __bss_end__ = _ebss

._user_heap_stack
                0x20000104      0x604 load address 0x0800276c
                0x20000108                        . = ALIGN (0x8)
 *fill*         0x20000104        0x4 
                [!provide]                        PROVIDE (end = .)
                0x20000108                        PROVIDE (_end = .)
                0x20000308                        . = (. + _Min_Heap_Size)
 *fill*         0x20000108      0x200 
                0x20000708                        . = (. + _Min_Stack_Size)
 *fill*         0x20000308      0x400 
                0x20000708                        . = ALIGN (0x8)

/DISCARD/
 libc.a(*)
 libm.a(*)
 libgcc.a(*)

.ARM.attributes
                0x00000000       0x30
 *(.ARM.attributes)
 .ARM.attributes
                0x00000000       0x22 /opt/st/stm32cubeide_1.16.1/plugins/com.st.stm32cube.ide.mcu.externaltools.gnu-tools-for-stm32.12.3.rel1.linux64_1.0.200.202406132123/tools/bin/../lib/gcc/arm-none-eabi/12.3.1/thumb/v7e-m+fp/hard/crti.o
 .ARM.attributes
                0x00000022       0x34 /opt/st/stm32cubeide_1.16.1/plugins/com.st.stm32cube.ide.mcu.externaltools.gnu-tools-for-stm32.12.3.rel1.linux64_1.0.200.202406132123/tools/bin/../lib/gcc/arm-none-eabi/12.3.1/thumb/v7e-m+fp/hard/crtbegin.o
 .ARM.attributes
                0x00000056       0x34 ./Core/Src/main.o
 .ARM.attributes
                0x0000008a       0x34 ./Core/Src/stm32f4xx_it.o
 .ARM.attributes
                0x000000be       0x34 ./Core/Src/system_stm32f4xx.o
 .ARM.attributes
                0x000000f2       0x21 ./Core/Startup/startup_stm32f401cbux.o
 .ARM.attributes
                0x00000113       0x34 /opt/st/stm32cubeide_1.16.1/plugins/com.st.stm32cube.ide.mcu.externaltools.gnu-tools-for-stm32.12.3.rel1.linux64_1.0.200.202406132123/tools/bin/../lib/gcc/arm-none-eabi/12.3.1/../../../../arm-none-eabi/lib/thumb/v7e-m+fp/hard/libc_nano.a(libc_a-init.o)
 .ARM.attributes
                0x00000147       0x22 /opt/st/stm32cubeide_1.16.1/plugins/com.st.stm32cube.ide.mcu.externaltools.gnu-tools-for-stm32.12.3.rel1.linux64_1.0.200.202406132123/tools/bin/../lib/gcc/arm-none-eabi/12.3.1/thumb/v7e-m+fp/hard/libgcc.a(_arm_addsubdf3.o)
 .ARM.attributes
                0x00000169       0x22 /opt/st/stm32cubeide_1.16.1/plugins/com.st.stm32cube.ide.mcu.externaltools.gnu-tools-for-stm32.12.3.rel1.linux64_1.0.200.202406132123/tools/bin/../lib/gcc/arm-none-eabi/12.3.1/thumb/v7e-m+fp/hard/libgcc.a(_arm_muldivdf3.o)
 .ARM.attributes
                0x0000018b       0x22 /opt/st/stm32cubeide_1.16.1/plugins/com.st.stm32cube.ide.mcu.externaltools.gnu-tools-for-stm32.12.3.rel1.linux64_1.0.200.202406132123/tools/bin/../lib/gcc/arm-none-eabi/12.3.1/thumb/v7e-m+fp/hard/libgcc.a(_arm_cmpdf2.o)
 .ARM.attributes
                0x000001ad       0x22 /opt/st/stm32cubeide_1.16.1/plugins/com.st.stm32cube.ide.mcu.externaltools.gnu-tools-for-stm32.12.3.rel1.linux64_1.0.200.202406132123/tools/bin/../lib/gcc/arm-none-eabi/12.3.1/thumb/v7e-m+fp/hard/libgcc.a(_arm_truncdfsf2.o)
 .ARM.attributes
                0x000001cf       0x22 /opt/st/stm32cubeide_1.16.1/plugins/com.st.stm32cube.ide.mcu.externaltools.gnu-tools-for-stm32.12.3.rel1.linux64_1.0.200.202406132123/tools/bin/../lib/gcc/arm-none-eabi/12.3.1/thumb/v7e-m+fp/hard/crtn.o
OUTPUT(uP_grp.elf elf32-littlearm)
LOAD linker stubs
LOAD /opt/st/stm32cubeide_1.16.1/plugins/com.st.stm32cube.ide.mcu.externaltools.gnu-tools-for-stm32.12.3.rel1.linux64_1.0.200.202406132123/tools/bin/../lib/gcc/arm-none-eabi/12.3.1/../../../../arm-none-eabi/lib/thumb/v7e-m+fp/hard/libc.a
LOAD /opt/st/stm32cubeide_1.16.1/plugins/com.st.stm32cube.ide.mcu.externaltools.gnu-tools-for-stm32.12.3.rel1.linux64_1.0.200.202406132123/tools/bin/../lib/gcc/arm-none-eabi/12.3.1/../../../../arm-none-eabi/lib/thumb/v7e-m+fp/hard/libm.a
LOAD /opt/st/stm32cubeide_1.16.1/plugins/com.st.stm32cube.ide.mcu.externaltools.gnu-tools-for-stm32.12.3.rel1.linux64_1.0.200.202406132123/tools/bin/../lib/gcc/arm-none-eabi/12.3.1/thumb/v7e-m+fp/hard/libgcc.a

.debug_info     0x00000000     0x203f
 .debug_info    0x00000000     0x19a6 ./Core/Src/main.o
 .debug_info    0x000019a6      0x132 ./Core/Src/stm32f4xx_it.o
 .debug_info    0x00001ad8      0x537 ./Core/Src/system_stm32f4xx.o
 .debug_info    0x0000200f       0x30 ./Core/Startup/startup_stm32f401cbux.o

.debug_abbrev   0x00000000      0x535
 .debug_abbrev  0x00000000      0x375 ./Core/Src/main.o
 .debug_abbrev  0x00000375       0x82 ./Core/Src/stm32f4xx_it.o
 .debug_abbrev  0x000003f7      0x11a ./Core/Src/system_stm32f4xx.o
 .debug_abbrev  0x00000511       0x24 ./Core/Startup/startup_stm32f401cbux.o

.debug_aranges  0x00000000      0x200
 .debug_aranges
                0x00000000      0x150 ./Core/Src/main.o
 .debug_aranges
                0x00000150       0x60 ./Core/Src/stm32f4xx_it.o
 .debug_aranges
                0x000001b0       0x28 ./Core/Src/system_stm32f4xx.o
 .debug_aranges
                0x000001d8       0x28 ./Core/Startup/startup_stm32f401cbux.o

.debug_rnglists
                0x00000000      0x17b
 .debug_rnglists
                0x00000000      0x105 ./Core/Src/main.o
 .debug_rnglists
                0x00000105       0x43 ./Core/Src/stm32f4xx_it.o
 .debug_rnglists
                0x00000148       0x1a ./Core/Src/system_stm32f4xx.o
 .debug_rnglists
                0x00000162       0x19 ./Core/Startup/startup_stm32f401cbux.o

.debug_macro    0x00000000     0xecd0
 .debug_macro   0x00000000      0x299 ./Core/Src/main.o
 .debug_macro   0x00000299      0xab4 ./Core/Src/main.o
 .debug_macro   0x00000d4d       0x2e ./Core/Src/main.o
 .debug_macro   0x00000d7b       0x28 ./Core/Src/main.o
 .debug_macro   0x00000da3       0x22 ./Core/Src/main.o
 .debug_macro   0x00000dc5       0x8e ./Core/Src/main.o
 .debug_macro   0x00000e53       0x51 ./Core/Src/main.o
 .debug_macro   0x00000ea4      0x103 ./Core/Src/main.o
 .debug_macro   0x00000fa7       0x6a ./Core/Src/main.o
 .debug_macro   0x00001011      0x1df ./Core/Src/main.o
 .debug_macro   0x000011f0       0x1c ./Core/Src/main.o
 .debug_macro   0x0000120c       0x22 ./Core/Src/main.o
 .debug_macro   0x0000122e       0xfb ./Core/Src/main.o
 .debug_macro   0x00001329     0x1011 ./Core/Src/main.o
 .debug_macro   0x0000233a      0x11f ./Core/Src/main.o
 .debug_macro   0x00002459     0xb86c ./Core/Src/main.o
 .debug_macro   0x0000dcc5       0x6d ./Core/Src/main.o
 .debug_macro   0x0000dd32       0x61 ./Core/Src/main.o
 .debug_macro   0x0000dd93       0x2a ./Core/Src/main.o
 .debug_macro   0x0000ddbd       0x43 ./Core/Src/main.o
 .debug_macro   0x0000de00       0x34 ./Core/Src/main.o
 .debug_macro   0x0000de34      0x189 ./Core/Src/main.o
 .debug_macro   0x0000dfbd       0x16 ./Core/Src/main.o
 .debug_macro   0x0000dfd3       0x43 ./Core/Src/main.o
 .debug_macro   0x0000e016       0x34 ./Core/Src/main.o
 .debug_macro   0x0000e04a       0x10 ./Core/Src/main.o
 .debug_macro   0x0000e05a       0x58 ./Core/Src/main.o
 .debug_macro   0x0000e0b2       0x8e ./Core/Src/main.o
 .debug_macro   0x0000e140       0x1c ./Core/Src/main.o
 .debug_macro   0x0000e15c      0x177 ./Core/Src/main.o
 .debug_macro   0x0000e2d3      0x369 ./Core/Src/main.o
 .debug_macro   0x0000e63c       0x10 ./Core/Src/main.o
 .debug_macro   0x0000e64c       0x35 ./Core/Src/main.o
 .debug_macro   0x0000e681       0x20 ./Core/Src/main.o
 .debug_macro   0x0000e6a1      0x19b ./Core/Src/main.o
 .debug_macro   0x0000e83c       0x1c ./Core/Src/main.o
 .debug_macro   0x0000e858       0x10 ./Core/Src/main.o
 .debug_macro   0x0000e868       0x1c ./Core/Src/main.o
 .debug_macro   0x0000e884       0x16 ./Core/Src/main.o
 .debug_macro   0x0000e89a      0x146 ./Core/Src/main.o
 .debug_macro   0x0000e9e0       0x16 ./Core/Src/main.o
 .debug_macro   0x0000e9f6       0x16 ./Core/Src/main.o
 .debug_macro   0x0000ea0c       0x29 ./Core/Src/main.o
 .debug_macro   0x0000ea35       0xbe ./Core/Src/main.o
 .debug_macro   0x0000eaf3       0x1c ./Core/Src/main.o
 .debug_macro   0x0000eb0f       0x70 ./Core/Src/main.o
 .debug_macro   0x0000eb7f       0x77 ./Core/Src/stm32f4xx_it.o
 .debug_macro   0x0000ebf6       0xda ./Core/Src/system_stm32f4xx.o

.debug_line     0x00000000     0x1ef2
 .debug_line    0x00000000     0x1579 ./Core/Src/main.o
 .debug_line    0x00001579      0x43d ./Core/Src/stm32f4xx_it.o
 .debug_line    0x000019b6      0x4c2 ./Core/Src/system_stm32f4xx.o
 .debug_line    0x00001e78       0x7a ./Core/Startup/startup_stm32f401cbux.o

.debug_str      0x00000000    0x54c13
 .debug_str     0x00000000    0x54a43 ./Core/Src/main.o
                              0x54d02 (size before relaxing)
 .debug_str     0x00054a43       0xc7 ./Core/Src/stm32f4xx_it.o
                               0x3dd6 (size before relaxing)
 .debug_str     0x00054b0a       0xc5 ./Core/Src/system_stm32f4xx.o
                              0x4f93f (size before relaxing)
 .debug_str     0x00054bcf       0x44 ./Core/Startup/startup_stm32f401cbux.o
                                 0x7b (size before relaxing)

.comment        0x00000000       0x43
 .comment       0x00000000       0x43 ./Core/Src/main.o
                                 0x44 (size before relaxing)
 .comment       0x00000043       0x44 ./Core/Src/stm32f4xx_it.o
 .comment       0x00000043       0x44 ./Core/Src/system_stm32f4xx.o

.debug_frame    0x00000000      0x8d8
 .debug_frame   0x00000000      0x568 ./Core/Src/main.o
 .debug_frame   0x00000568      0x108 ./Core/Src/stm32f4xx_it.o
 .debug_frame   0x00000670       0x58 ./Core/Src/system_stm32f4xx.o
 .debug_frame   0x000006c8       0x2c /opt/st/stm32cubeide_1.16.1/plugins/com.st.stm32cube.ide.mcu.externaltools.gnu-tools-for-stm32.12.3.rel1.linux64_1.0.200.202406132123/tools/bin/../lib/gcc/arm-none-eabi/12.3.1/../../../../arm-none-eabi/lib/thumb/v7e-m+fp/hard/libc_nano.a(libc_a-init.o)
 .debug_frame   0x000006f4       0xac /opt/st/stm32cubeide_1.16.1/plugins/com.st.stm32cube.ide.mcu.externaltools.gnu-tools-for-stm32.12.3.rel1.linux64_1.0.200.202406132123/tools/bin/../lib/gcc/arm-none-eabi/12.3.1/thumb/v7e-m+fp/hard/libgcc.a(_arm_addsubdf3.o)
 .debug_frame   0x000007a0       0x50 /opt/st/stm32cubeide_1.16.1/plugins/com.st.stm32cube.ide.mcu.externaltools.gnu-tools-for-stm32.12.3.rel1.linux64_1.0.200.202406132123/tools/bin/../lib/gcc/arm-none-eabi/12.3.1/thumb/v7e-m+fp/hard/libgcc.a(_arm_muldivdf3.o)
 .debug_frame   0x000007f0       0xc4 /opt/st/stm32cubeide_1.16.1/plugins/com.st.stm32cube.ide.mcu.externaltools.gnu-tools-for-stm32.12.3.rel1.linux64_1.0.200.202406132123/tools/bin/../lib/gcc/arm-none-eabi/12.3.1/thumb/v7e-m+fp/hard/libgcc.a(_arm_cmpdf2.o)
 .debug_frame   0x000008b4       0x24 /opt/st/stm32cubeide_1.16.1/plugins/com.st.stm32cube.ide.mcu.externaltools.gnu-tools-for-stm32.12.3.rel1.linux64_1.0.200.202406132123/tools/bin/../lib/gcc/arm-none-eabi/12.3.1/thumb/v7e-m+fp/hard/libgcc.a(_arm_truncdfsf2.o)

.debug_line_str
                0x00000000       0x5f
 .debug_line_str
                0x00000000       0x5f ./Core/Startup/startup_stm32f401cbux.o
