../Core/Src/main.c:111:6:delay	16	static
../Core/Src/main.c:128:6:HAL_TIM_IC_CaptureCallback	16	static
../Core/Src/main.c:164:6:HCSR04_Read	8	static
../Core/Src/main.c:177:5:main	8	static
../Core/Src/main.c:272:6:SystemClock_Config	72	static
../Core/Src/main.c:312:13:MX_TIM1_Init	32	static
../Core/Src/main.c:361:13:MX_USART2_UART_Init	8	static
../Core/Src/main.c:394:13:MX_GPIO_Init	40	static
../Core/Src/main.c:446:6:StartDefaultTask	16	static
../Core/Src/main.c:469:6:StartTask02	16	static
../Core/Src/main.c:490:6:StartTask03	16	static
../Core/Src/main.c:511:6:StartTask04	16	static
../Core/Src/main.c:532:6:StartTask05	16	static
../Core/Src/main.c:554:6:HAL_TIM_PeriodElapsedCallback	16	static
../Core/Src/main.c:571:6:Error_Handler	4	static,ignoring_inline_asm
