../Core/Src/main.c:89:6:delay	16	static
../Core/Src/main.c:113:6:HAL_TIM_IC_CaptureCallback	16	static
../Core/Src/main.c:149:6:HCSR04_Read	8	static
../Core/Src/main.c:162:5:main	8	static
../Core/Src/main.c:250:6:SystemClock_Config	72	static
../Core/Src/main.c:287:13:MX_TIM1_Init	32	static
../Core/Src/main.c:333:13:MX_USART2_UART_Init	8	static
../Core/Src/main.c:364:13:MX_GPIO_Init	40	static
../Core/Src/main.c:428:6:StartDefaultTask	16	static
../Core/Src/main.c:504:6:StartTask02	16	static
../Core/Src/main.c:523:6:StartTask03	16	static
../Core/Src/main.c:624:6:HAL_TIM_PeriodElapsedCallback	16	static
../Core/Src/main.c:640:6:Error_Handler	4	static,ignoring_inline_asm
